OA300_CORPUS_PATH="/Users/rterhaar/Dropbox/OA300_OnsetAudio300" \
	GIANTSTEPS_CORPUS_PATH="/Users/rterhaar/Dropbox/research/giantsteps-tempo-dataset" \
	PERF_BASELINE_DIR="/Users/rterhaar/Dropbox/research/swift/BoomBoomBoomKit/_bmad-output/perf-baselines" \
	GIT_SHA=$(git rev-parse --short HEAD 2>/dev/null || echo unknown) \
	swift test --filter BoomBoomBoomKitBenchmarkTests.PerformanceBenchmarkTests
[0/1] Planning build
Building for debugging...
[0/3] Write swift-version--58304C5D6DBC2206.txt
[2/29] Compiling BoomBoomBoomKitTests MLTechniquePerfTests.swift
[3/29] Compiling BoomBoomBoomKitTests MelFilterbankTests.swift
[4/29] Compiling BoomBoomBoomKitTests MLTechniqueProtocolTests.swift
[5/30] Compiling BoomBoomBoomKitBenchmarkTests GiantStepsBenchmarkTests.swift
[6/30] Compiling BoomBoomBoomKitBenchmarkTests AblationFullMatrixTests.swift
/Users/rterhaar/Dropbox/research/swift/BoomBoomBoomKit/Tests/BoomBoomBoomKitBenchmarkTests/AblationFullMatrixTests.swift:397:75: warning: Trait '.serialized' has no effect when used with a non-parameterized test function (from macro 'Test')
395 |   /// runs under `.serialized` because env mutation is process-global and would race
396 |   /// with concurrent click-using tests in the same suite.
397 |   @Test("α-sweep over .optimal-family combos", .timeLimit(.minutes(10)), .serialized)
    |                                                                          `- warning: Trait '.serialized' has no effect when used with a non-parameterized test function (from macro 'Test')
398 |   func alphaSweep() async throws {
399 |     guard ProcessInfo.processInfo.environment["ALPHA_SWEEP"] == "1" else { return }
[7/30] Emitting module BoomBoomBoomKitBenchmarkTests
/Users/rterhaar/Dropbox/research/swift/BoomBoomBoomKit/Tests/BoomBoomBoomKitBenchmarkTests/AblationFullMatrixTests.swift:397:75: warning: Trait '.serialized' has no effect when used with a non-parameterized test function (from macro 'Test')
395 |   /// runs under `.serialized` because env mutation is process-global and would race
396 |   /// with concurrent click-using tests in the same suite.
397 |   @Test("α-sweep over .optimal-family combos", .timeLimit(.minutes(10)), .serialized)
    |                                                                          `- warning: Trait '.serialized' has no effect when used with a non-parameterized test function (from macro 'Test')
398 |   func alphaSweep() async throws {
399 |     guard ProcessInfo.processInfo.environment["ALPHA_SWEEP"] == "1" else { return }
[8/30] Compiling BoomBoomBoomKitBenchmarkTests PerformanceBenchmarkTests.swift
[9/30] Compiling BoomBoomBoomKitBenchmarkTests BNNSImpactTests.swift
[10/30] Compiling BoomBoomBoomKitBenchmarkTests DAWOracleBenchmarkTests.swift
[11/30] Compiling BoomBoomBoomKitBenchmarkTests MLPolicySweepTests.swift
[12/30] Compiling BoomBoomBoomKitBenchmarkTests OA300BenchmarkTests.swift
[13/30] Compiling BoomBoomBoomKitTests PCMBufferReaderTests.swift
[14/30] Compiling BoomBoomBoomKitTests MLFeatureFramesTests.swift
/Users/rterhaar/Dropbox/research/swift/BoomBoomBoomKit/Tests/BoomBoomBoomKitTests/MLFeatureFramesTests.swift:118:21: warning: result of call to '_withTestingMaximumLogMelDataCount' is unused [#no-usage]
116 |     // helper temporarily lowers the cap so we can construct a small but
117 |     // over-cap payload, then restores the production cap on scope exit.
118 |     MLFeatureFrames._withTestingMaximumLogMelDataCount(100) {
    |                     `- warning: result of call to '_withTestingMaximumLogMelDataCount' is unused [#no-usage]
119 |       #expect(throws: MLTechniqueError.self) {
120 |         _ = try MLFeatureFrames(
[15/30] Compiling BoomBoomBoomKitTests MetadataCorroborationTests.swift
[16/30] Compiling BoomBoomBoomKitTests GenreAccuracyReporterTests.swift
[17/30] Compiling BoomBoomBoomKitTests LUFSAnalyzerTests.swift
[18/30] Compiling BoomBoomBoomKitTests FileMetadataReaderTests.swift
[19/30] Compiling BoomBoomBoomKitTests EnsemblePolicyTests.swift
[20/30] Compiling BoomBoomBoomKitTests EnsembleCombinerTests.swift
[21/30] Compiling BoomBoomBoomKitTests BPMDiagnosticTraceTests.swift
[22/30] Compiling BoomBoomBoomKitTests BNNSTechniqueTests.swift
[23/30] Compiling BoomBoomBoomKitTests BPMAnalyzerClickTrackTests.swift
[24/30] Compiling BoomBoomBoomKitTests BPMAnalyzerDurationHintTests.swift
[25/30] Emitting module BoomBoomBoomKitTests
[26/30] Compiling BoomBoomBoomKitTests AblationQuickTests.swift
[27/30] Compiling BoomBoomBoomKitTests AudioAnalysisServiceTests.swift
/Users/rterhaar/Dropbox/research/swift/BoomBoomBoomKit/Tests/BoomBoomBoomKitTests/AudioAnalysisServiceTests.swift:310:25: warning: result of call to 'next(isolation:)' is unused [#no-usage]
308 |         }
309 |         group.cancelAll()
310 |         try await group.next()
    |                         `- warning: result of call to 'next(isolation:)' is unused [#no-usage]
311 |       }
312 |       Issue.record("Expected CancellationError")
[28/30] Compiling BoomBoomBoomKitTests BPMAnalyzerTests.swift
[28/30] Write Objects.LinkFileList
[29/30] Linking BoomBoomBoomKitPackageTests
Build complete! (3.52s)
Test Suite 'Selected tests' started at 2026-05-15 01:57:07.679.
Test Suite 'BoomBoomBoomKitPackageTests.xctest' started at 2026-05-15 01:57:07.680.
Test Suite 'BoomBoomBoomKitPackageTests.xctest' passed at 2026-05-15 01:57:07.680.
	 Executed 0 tests, with 0 failures (0 unexpected) in 0.000 (0.000) seconds
Test Suite 'Selected tests' passed at 2026-05-15 01:57:07.680.
	 Executed 0 tests, with 0 failures (0 unexpected) in 0.000 (0.001) seconds
◇ Test run started.
↳ Testing Library Version: 1902
↳ Target Platform: arm64e-apple-macos14.0
◇ Suite "Performance Benchmark" started.
◇ Test "benchmark wall-clock time at intensity 7 (serial) + accuracy snapshot" started.

=== Performance Benchmark — Hardware Context ===
Chip: Apple M5 Max
Cores: 18
Memory: 128 GiB
OS: Version 26.5 (Build 25F71)
Build configuration: Debug
Swift package version: BoomBoomBoomKit (workspace HEAD)

=== Performance Benchmark — Wall-Clock Time @ Intensity 7 ===
| Track | Time (s) | Status |
|-------|----------|--------|
| 8. Jonah K_Shadow Work (Esthetic Remix) | 0.142 | warmup, excluded |
| 6. HEFT_Fuyu (Akinsa Remix) | 0.123 | ok |
| 4. Yin Yang Audio_Within Cells Interlink | 0.142 | ok |
| 5. Darkgray Heart_Beating Heart Of The S | 0.139 | ok |
| 11. Sorse_Remorse (Jonah K Remix) | 0.138 | ok |
| 2. Ahmad_The Wrong Place (Artilect Remix | 0.116 | ok |
| 10. Hellacopta_Assemby (Xiûa Remix) | 0.147 | ok |
| Cut and Dried | 0.263 | ok |
| Your Love (Neekeetone 160 Rework) | 0.156 | ok |
| Jericho (Neekeetone Jungle Rework) | 0.155 | ok |
| Claustrophobic Sting (Neekeetone Jungle  | 0.186 | ok |
| More Hardcore | 0.219 | ok |
| Minority Industrial | 0.249 | ok |
| Speedway (Neekeetone Jungle Rework) | 0.191 | ok |
| Release - The Jungle (Remaster ope) | 0.146 | ok |
| Full Throttle (Neekeetone 160 Rework) | 0.156 | ok |
| Fire (Neekeetone 160 Rework) | 0.145 | ok |
| Skylined (Neekeetone 160 Rework) | 0.153 | ok |
| The Heat (The Energy) (Neekeetone Jungle | 0.151 | ok |
| Amor Satyr & Fetus - Baby Check | 0.239 | ok |
| BiosFear | 0.215 | ok |
| Altitude | 0.235 | ok |
| Ironik - The Calling (Remaster) | 0.139 | ok |
| Break & Enter (Neekeetone 160 Rework) | 0.145 | ok |
| Ruff In The Jungle Bizniss (Neekeetone J | 0.141 | ok |
| Spider Monkey | 0.237 | ok |
| Hyperspeed (Neekeetone 160 Rework) | 0.146 | ok |
| Everybody In The Place (Neekeetone 160 R | 0.148 | ok |
| So Confused | 0.249 | ok |
| Dream World | 0.137 | ok |
| Trapped (Original Mix) | 0.234 | ok |
| Straight Jacket | 0.237 | ok |
| Ya Don't Stop | 0.099 | ok |
| Skanna - Nightstalker (Remaster) | 0.132 | ok |
| Ron Mercy - Junkin Da Trunk | 0.136 | ok |
| Scienide (Neekeetone 160 Rework) | 0.120 | ok |
| Music Reach (Neekeetone 160 Rework) | 0.144 | ok |
| Aeon Flux - Reality (Repitch Remaster) | 0.130 | ok |
| Decoy | 0.236 | ok |
| Slower Violence | 0.235 | ok |
| BAMF | 0.215 | ok |
| Lies | 0.235 | ok |
| Their Law (Neekeetone 160 Rework) | 0.145 | ok |
| The Still | 0.237 | ok |
| Release - The Jungle 155bpm (Remaster) | 0.239 | ok |
| Weather Experience (Neekeetone 160 Rewor | 0.124 | ok |
| Red Scare | 0.219 | ok |
| Wind It Up (Neekeetone Jungle Rework) | 0.130 | ok |
| The Observatory | 0.238 | ok |
| Out Of Space (Neekeetone Jungle Rework) | 0.145 | ok |
| Isolation | 0.223 | ok |
| Ironik - The Calling (Remaster) | 0.240 | ok |
| Clockwork | 0.240 | ok |
| Twice Removed | 0.243 | ok |
| Empty Inside (Original Mix) | 0.241 | ok |
| We Eat Rhythm (Neekeetone Dub Rework) (B | 0.147 | ok |
| After Hours | 0.143 | ok |
| TImelines | 0.223 | ok |
| Legal Offence - Burnin' Up (Piano Mix) ( | 0.135 | ok |
| Aeon Flux - Reality (Remaster) | 0.135 | ok |
| Living for the Night | 0.142 | ok |
| 9000 Series | 0.222 | ok |
| Charly (Neekeetone Jungle Rework) | 0.144 | ok |
| Death Of The Prodigy Dancers (Neekeetone | 0.142 | ok |
| 3. D3Z_Axons (Offish Remix) | 0.113 | ok |
| 9. HEFT_Anagram 6 (Owl Remix) | 0.133 | ok |
| Boymerang - Autumnal (Leaf) | 0.133 | ok |
| Get Down - Humpty Dance - Dope On Plasti | 0.222 | ok |
| New York - Punk To Funk - I'm Sick | 0.228 | ok |
| Smalltown Boy (12" Version) | 0.290 | ok |
| Boymerang - Rules (Leaf) | 0.129 | ok |
| 1. The Faraday_Bunker (D-Struct Remix) | 0.130 | ok |
| 5. Darkgray Heart_Beating Heart Of The S | 0.230 | ok |
| Conundrum | 0.242 | ok |
| Makara | 0.240 | ok |
| TVR | 0.183 | ok |
| Chakra | 0.134 | ok |
| Icicle - Condense | 0.144 | ok |
| The Mummy | 0.145 | ok |
| Echtoo - Chakra | 0.145 | ok |
| Self Immolation | 0.260 | ok |
| 7. Everything Changes_Subotica (Esthetic | 0.141 | ok |
Tracks: 82 (1 warmup, 0 failed)
mean: 0.179s
median: 0.148s
p95: 0.249s
min: 0.099s
max: 0.290s
total: 14.494s

=== Performance Benchmark — Accuracy Snapshot ===
OA300 @ 2%: Acc1=58/82, Acc2=74/82
GiantSteps @ 2%: Acc1=537/661, Acc2=546/661
Δ vs last baseline (SHA 9c48629, 2026-05-13T21:25:52Z): mean 0.170s → 0.179s (+5.3%)
✔ Test "benchmark wall-clock time at intensity 7 (serial) + accuracy snapshot" passed after 29.298 seconds.
◇ Test "ML mock-on-abstain wall-clock ≤ 1.20x baseline at intensity 7 (Story 4-3b tightened)" started.

=== Performance Benchmark — ML Mock-on-Abstain Gate (Story 4.3 AC #7) ===
baseline (mlTechnique=nil)        mean: 0.180s over 81 tracks
mock     (MockMLTechnique(nil))   mean: 0.178s over 81 tracks
ratio = 0.994x (threshold: 1.20x)
✔ Test "ML mock-on-abstain wall-clock ≤ 1.20x baseline at intensity 7 (Story 4-3b tightened)" passed after 29.284 seconds.
✔ Suite "Performance Benchmark" passed after 58.583 seconds.
✔ Test run with 2 tests in 1 suite passed after 58.583 seconds.
